[nanowires2015.icmab.es/index.html]
[backblue.gif]
[fade.gif]
[index.html]
[nanowires2015.icmab.es/t3-assets/css_e89aa.css]
[nanowires2015.icmab.es/indexc0d0.html]
[nanowires2015.icmab.es/t3-assets/css_7b95b.css]
[nanowires2015.icmab.es/index7b17.html]
[nanowires2015.icmab.es/t3-assets/js_93042.js]
[nanowires2015.icmab.es/media/com_favicon/icons/1/favicon.ico]
[nanowires2015.icmab.es/images/resized/images/slideshow/05_360_240.png]
[nanowires2015.icmab.es/images/resized/images/slideshow/01_360_240.png]
[nanowires2015.icmab.es/images/resized/images/slideshow/02_360_240.png]
[nanowires2015.icmab.es/images/resized/images/slideshow/03_360_240.png]
[nanowires2015.icmab.es/images/resized/images/slideshow/04_360_240.png]
[nanowires2015.icmab.es/modules/mod_jaslideshow/assets/themes/default/mod_jaslideshow_rtl.css]
[nanowires2015.icmab.es/images/pages/program/Book_of_abstracts_NANOWIRES2015.pdf]
[nanowires2015.icmab.es/images/poster-sessions/NANOWIRES2015_POSTER SESSIONS3.pdf]
[nanowires2015.icmab.es/images/files/PROGRAM_NANOWIRES2015_def2.pdf]
[nanowires2015.icmab.es/event-gallery.html]
[nanowires2015.icmab.es/images/gallery/web-DSC_0065.jpg]
[nanowires2015.icmab.es/images/pages/home/image004.jpg]
[nanowires2015.icmab.es/images/pages/galeria_detall-arquitectura-01.jpg]
[nanowires2015.icmab.es/96-program/120-program2015.html]
[nanowires2015.icmab.es/images/resized/images/pages/venue/image001_51_51.jpg]
[nanowires2015.icmab.es/96-program/115-oral-presentations.html]
[nanowires2015.icmab.es/images/resized/images/casaconvalescencia/casa11_51_51.jpg]
[nanowires2015.icmab.es/89-venue/114-the-venue.html]
[nanowires2015.icmab.es/images/resized/images/casaconvalescencia/casa09_51_51.jpg]
[nanowires2015.icmab.es/89-venue/144-accomodation.html]
[nanowires2015.icmab.es/images/resized/images/barcelona/648899_69563164_51_51.jpg]
[nanowires2015.icmab.es/index.html]
[nanowires2015.icmab.es/templates/system/css/system.css]
[nanowires2015.icmab.es/templates/system/css/general.css]
[nanowires2015.icmab.es/modules/mod_jasidenews/assets/style.css]
[nanowires2015.icmab.es/modules/mod_jaslideshow/assets/themes/default/style.css]
[nanowires2015.icmab.es/modules/mod_jaslideshow/assets/themes/tiris/style.css]
[nanowires2015.icmab.es/modules/mod_jaslideshow/assets/themes/tiris/mod_jaslideshow.css]
[nanowires2015.icmab.es/plugins/system/jat3/jat3/base-themes/default/css/typo.css]
[nanowires2015.icmab.es/plugins/system/jat3/jat3/base-themes/default/css/addons.css]
[nanowires2015.icmab.es/plugins/system/jat3/jat3/base-themes/default/css/layout.css]
[nanowires2015.icmab.es/plugins/system/jat3/jat3/base-themes/default/css/template.css]
[nanowires2015.icmab.es/plugins/system/jat3/jat3/base-themes/default/css/usertools.css]
[nanowires2015.icmab.es/plugins/system/jat3/jat3/base-themes/default/css/css3.css]
[nanowires2015.icmab.es/plugins/system/jat3/jat3/base-themes/default/css/menu/css.css]
[nanowires2015.icmab.es/templates/ja_tiris/css/typo.css]
[nanowires2015.icmab.es/templates/ja_tiris/css/template.css]
[nanowires2015.icmab.es/templates/ja_tiris/css/css3.css]
[nanowires2015.icmab.es/templates/ja_tiris/css/menu/css.css]
[nanowires2015.icmab.es/templates/ja_tiris/css/mod_jasidenews.css]
[nanowires2015.icmab.es/templates/ja_tiris/themes/violet/css/typo.css]
[nanowires2015.icmab.es/t3-assets/css_e89aa.css]
[nanowires2015.icmab.es/templates/ja_tiris/themes/violet/css/template.css]
[nanowires2015.icmab.es/templates/ja_tiris/themes/violet/css/menu/css.css]
[nanowires2015.icmab.es/templates/ja_tiris/themes/orange/css/typo.css]
[nanowires2015.icmab.es/templates/ja_tiris/themes/orange/css/template.css]
[nanowires2015.icmab.es/templates/ja_tiris/themes/orange/css/menu/css.css]
[nanowires2015.icmab.es/templates/ja_tiris/themes/blue/css/typo.css]
[nanowires2015.icmab.es/templates/ja_tiris/themes/blue/css/template.css]
[nanowires2015.icmab.es/templates/ja_tiris/themes/blue/css/menu/css.css]
[nanowires2015.icmab.es/t3-assets/css_7b95b.css]
[nanowires2015.icmab.es/modules/mod_jaslideshow/assets/themes/default/mod_jaslideshow_rtl.css]
[nanowires2015.icmab.es/t3-assets/css_20c3a.css]
[nanowires2015.icmab.es/t3-assets/js_d8943.js]
[nanowires2015.icmab.es/plugins/system/jat3/jat3/base-themes/default/images/favicon.ico]
[nanowires2015.icmab.es/event-gallery.html]
[nanowires2015.icmab.es/templates/ja_tiris/images/system/arrow.png]
[nanowires2015.icmab.es/96-program/120-program2015.html]
[nanowires2015.icmab.es/96-program/115-oral-presentations.html]
[nanowires2015.icmab.es/89-venue/114-the-venue.html]
[nanowires2015.icmab.es/89-venue/144-accomodation.html]
[nanowires2015.icmab.es/media/system/css/system.css]
[nanowires2015.icmab.es/templates/system/css/system.css]
[nanowires2015.icmab.es/templates/system/images/j_button2_left.png]
[nanowires2015.icmab.es/templates/system/images/j_button2_right.png]
[nanowires2015.icmab.es/templates/system/images/j_button2_image.png]
[nanowires2015.icmab.es/templates/system/images/j_button2_readmore.png]
[nanowires2015.icmab.es/templates/system/images/j_button2_pagebreak.png]
[nanowires2015.icmab.es/templates/system/images/j_button2_blank.png]
[nanowires2015.icmab.es/templates/system/images/selector-arrow.png]
[nanowires2015.icmab.es/templates/system/images/calendar.png]
[nanowires2015.icmab.es/templates/system/css/general.css]
[nanowires2015.icmab.es/modules/mod_jasidenews/assets/style.css]
[nanowires2015.icmab.es/modules/mod_jaslideshow/assets/themes/default/arrow-l.gif]
[nanowires2015.icmab.es/modules/mod_jaslideshow/assets/themes/default/arrow-r.gif]
[nanowires2015.icmab.es/modules/mod_jaslideshow/assets/themes/default/arrow-ri.gif]
[nanowires2015.icmab.es/modules/mod_jaslideshow/assets/themes/default/arrow-ri-hover.gif]
[nanowires2015.icmab.es/modules/mod_jaslideshow/assets/themes/default/arrow-bg.png]
[nanowires2015.icmab.es/modules/mod_jaslideshow/assets/themes/default/grad-bg.gif]
[nanowires2015.icmab.es/modules/mod_jaslideshow/assets/themes/default/style.css]
[nanowires2015.icmab.es/modules/mod_jaslideshow/assets/themes/tiris/bg-mask.png]
[nanowires2015.icmab.es/modules/mod_jaslideshow/assets/themes/tiris/arrow-ri.png]
[nanowires2015.icmab.es/modules/mod_jaslideshow/assets/themes/tiris/btn-up.png]
[nanowires2015.icmab.es/modules/mod_jaslideshow/assets/themes/tiris/btn-up-hover.png]
[nanowires2015.icmab.es/modules/mod_jaslideshow/assets/themes/tiris/btn-down.png]
[nanowires2015.icmab.es/modules/mod_jaslideshow/assets/themes/tiris/btn-down-hover.png]
[nanowires2015.icmab.es/modules/mod_jaslideshow/assets/themes/tiris/btn-next.gif]
[nanowires2015.icmab.es/modules/mod_jaslideshow/assets/themes/tiris/btn-prev.gif]
[nanowires2015.icmab.es/modules/mod_jaslideshow/assets/themes/tiris/btn-next-hover.gif]
[nanowires2015.icmab.es/modules/mod_jaslideshow/assets/themes/tiris/btn-prev-hover.gif]
[nanowires2015.icmab.es/modules/mod_jaslideshow/assets/themes/tiris/style.css]
[nanowires2015.icmab.es/modules/mod_jaslideshow/assets/themes/tiris/mod_jaslideshow.css]
[nanowires2015.icmab.es/plugins/system/jat3/jat3/base-themes/default/images/so-q.gif]
[nanowires2015.icmab.es/plugins/system/jat3/jat3/base-themes/default/images/sc-q.gif]
[nanowires2015.icmab.es/plugins/system/jat3/jat3/base-themes/default/images/icons/icons-sprites-silk.png]
[nanowires2015.icmab.es/plugins/system/jat3/jat3/base-themes/default/images/arrow.png]
[nanowires2015.icmab.es/plugins/system/jat3/jat3/base-themes/default/images/bullet.gif]
[nanowires2015.icmab.es/plugins/system/jat3/jat3/base-themes/default/images/numberlist-bg.png]
[nanowires2015.icmab.es/plugins/system/jat3/jat3/base-themes/default/images/bubble-l.png]
[nanowires2015.icmab.es/plugins/system/jat3/jat3/base-themes/default/images/bubble-d.png]
[nanowires2015.icmab.es/plugins/system/jat3/jat3/base-themes/default/images/bubble-hl.png]
[nanowires2015.icmab.es/plugins/system/jat3/jat3/base-themes/default/images/icons/icon-author.gif]
[nanowires2015.icmab.es/plugins/system/jat3/jat3/base-themes/default/images/icons/sticky-big.png]
[nanowires2015.icmab.es/plugins/system/jat3/jat3/base-themes/default/images/icons/download-big.png]
[nanowires2015.icmab.es/plugins/system/jat3/jat3/base-themes/default/css/typo.css]
[nanowires2015.icmab.es/plugins/system/jat3/jat3/base-themes/default/css/addons.css]
[nanowires2015.icmab.es/plugins/system/jat3/jat3/base-themes/default/css/layout.css]
[nanowires2015.icmab.es/plugins/system/jat3/jat3/base-themes/default/images/req.png]
[nanowires2015.icmab.es/plugins/system/jat3/jat3/base-themes/default/images/icon-badge.png]
[nanowires2015.icmab.es/plugins/system/jat3/jat3/base-themes/default/images/icon-show.png]
[nanowires2015.icmab.es/plugins/system/jat3/jat3/base-themes/default/images/icon-hide.png]
[nanowires2015.icmab.es/plugins/system/jat3/jat3/base-themes/default/images/logo-t3.gif]
[nanowires2015.icmab.es/plugins/system/jat3/jat3/base-themes/default/images/icons/icon-youtube.png]
[nanowires2015.icmab.es/plugins/system/jat3/jat3/base-themes/default/css/template.css]
[nanowires2015.icmab.es/plugins/system/jat3/jat3/base-themes/default/images/usertools/font-tool.gif]
[nanowires2015.icmab.es/plugins/system/jat3/jat3/base-themes/default/images/usertools/t3_logo_light_sm.png]
[nanowires2015.icmab.es/plugins/system/jat3/jat3/base-themes/default/css/usertools.css]
[nanowires2015.icmab.es/plugins/system/jat3/jat3/base-themes/default/css/css3.css]
[nanowires2015.icmab.es/plugins/system/jat3/jat3/base-themes/default/css/menu/css.css]
[nanowires2015.icmab.es/templates/ja_tiris/images/so-q.gif]
[nanowires2015.icmab.es/templates/ja_tiris/images/sc-q.gif]
[nanowires2015.icmab.es/templates/ja_tiris/images/icons-sprites-silk.png]
[nanowires2015.icmab.es/templates/ja_tiris/images/bullet.gif]
[nanowires2015.icmab.es/templates/ja_tiris/images/blocknumber-bg.png]
[nanowires2015.icmab.es/templates/ja_tiris/images/bubble-arrow.png]
[nanowires2015.icmab.es/templates/ja_tiris/images/icons/download-big.png]
[nanowires2015.icmab.es/templates/ja_tiris/images/icons/sticky-big.png]
[nanowires2015.icmab.es/templates/ja_tiris/images/grad-l1-trans.png]
[nanowires2015.icmab.es/templates/ja_tiris/images/icons/disk.png]
[nanowires2015.icmab.es/templates/ja_tiris/images/icons/lightbulb.png]
[nanowires2015.icmab.es/templates/ja_tiris/images/icons/information.png]
[nanowires2015.icmab.es/templates/ja_tiris/images/icons/tick.png]
[nanowires2015.icmab.es/templates/ja_tiris/images/icons/exclamation.png]
[nanowires2015.icmab.es/templates/ja_tiris/images/grad-d1-trans.png]
[nanowires2015.icmab.es/templates/ja_tiris/images/badge.png]
[nanowires2015.icmab.es/templates/ja_tiris/images/button-hover.gif]
[nanowires2015.icmab.es/templates/ja_tiris/css/typo.css]
[nanowires2015.icmab.es/templates/ja_tiris/fonts/abel/stylesheet.css]
[nanowires2015.icmab.es/templates/ja_tiris/images/bg-body.png]
[nanowires2015.icmab.es/templates/ja_tiris/images/bg-h3.gif]
[nanowires2015.icmab.es/templates/ja_tiris/images/pattern-grey.gif]
[nanowires2015.icmab.es/templates/ja_tiris/images/hoz-sep.gif]
[nanowires2015.icmab.es/templates/ja_tiris/images/bullet1.gif]
[nanowires2015.icmab.es/templates/ja_tiris/images/bullet1-hover.gif]
[nanowires2015.icmab.es/templates/ja_tiris/images/pattern-grey-2.gif]
[nanowires2015.icmab.es/templates/ja_tiris/images/bg-left.png]
[nanowires2015.icmab.es/templates/ja_tiris/images/bg-right.png]
[nanowires2015.icmab.es/templates/ja_tiris/images/bg-header.png]
[nanowires2015.icmab.es/templates/ja_tiris/images/logo.png]
[nanowires2015.icmab.es/templates/ja_tiris/images/bg-nav.gif]
[nanowires2015.icmab.es/templates/ja_tiris/images/bullet-3.gif]
[nanowires2015.icmab.es/templates/ja_tiris/images/bullet-5.gif]
[nanowires2015.icmab.es/templates/ja_tiris/images/trans-black.png]
[nanowires2015.icmab.es/templates/ja_tiris/images/logo-2.png]
[nanowires2015.icmab.es/templates/ja_tiris/images/icon-facebook.png]
[nanowires2015.icmab.es/templates/ja_tiris/images/icon-twitter.png]
[nanowires2015.icmab.es/templates/ja_tiris/images/icon-rss.png]
[nanowires2015.icmab.es/templates/ja_tiris/images/icon-flickr.png]
[nanowires2015.icmab.es/templates/ja_tiris/images/icon-youtube.gif]
[nanowires2015.icmab.es/templates/ja_tiris/images/joomla15.png]
[nanowires2015.icmab.es/templates/ja_tiris/images/tree-bg.gif]
[nanowires2015.icmab.es/templates/ja_tiris/images/tree-last.gif]
[nanowires2015.icmab.es/templates/ja_tiris/images/ver-sep.gif]
[nanowires2015.icmab.es/templates/ja_tiris/images/pattern-bg.gif]
[nanowires2015.icmab.es/templates/ja_tiris/images/pattern-red.gif]
[nanowires2015.icmab.es/templates/ja_tiris/images/joomla15-2.png]
[nanowires2015.icmab.es/templates/ja_tiris/images/bg-line.gif]
[nanowires2015.icmab.es/templates/ja_tiris/images/bg-date.png]
[nanowires2015.icmab.es/templates/ja_tiris/images/bg-date-hover.png]
[nanowires2015.icmab.es/templates/ja_tiris/css/template.css]
[nanowires2015.icmab.es/templates/ja_tiris/css/css3.css]
[nanowires2015.icmab.es/templates/ja_tiris/images/bg-line-nav.gif]
[nanowires2015.icmab.es/templates/ja_tiris/images/bg-subnav.gif]
[nanowires2015.icmab.es/templates/ja_tiris/css/menu/css.css]
[nanowires2015.icmab.es/templates/ja_tiris/css/mod_jasidenews.css]
[nanowires2015.icmab.es/templates/ja_tiris/themes/violet/images/blocknumber-bg.png]
[nanowires2015.icmab.es/templates/ja_tiris/themes/violet/css/typo.css]
[nanowires2015.icmab.es/templates/ja_tiris/themes/violet/images/bg-body.png]
[nanowires2015.icmab.es/templates/ja_tiris/themes/violet/images/logo.png]
[nanowires2015.icmab.es/templates/ja_tiris/themes/violet/images/icon-facebook.png]
[nanowires2015.icmab.es/templates/ja_tiris/themes/violet/images/icon-twitter.png]
[nanowires2015.icmab.es/templates/ja_tiris/themes/violet/images/icon-rss.png]
[nanowires2015.icmab.es/templates/ja_tiris/themes/violet/images/icon-flickr.png]
[nanowires2015.icmab.es/templates/ja_tiris/themes/violet/images/btn-next.png]
[nanowires2015.icmab.es/templates/ja_tiris/themes/violet/images/btn-prev.png]
[nanowires2015.icmab.es/templates/ja_tiris/themes/violet/images/arrow-ri.png]
[nanowires2015.icmab.es/templates/ja_tiris/themes/violet/images/btn-up-hover.png]
[nanowires2015.icmab.es/templates/ja_tiris/themes/violet/images/btn-down-hover.png]
[nanowires2015.icmab.es/templates/ja_tiris/themes/violet/images/bullet1-hover.gif]
[nanowires2015.icmab.es/templates/ja_tiris/themes/violet/images/pattern-violet.gif]
[nanowires2015.icmab.es/templates/ja_tiris/themes/violet/images/pattern-hover.gif]
[nanowires2015.icmab.es/templates/ja_tiris/themes/violet/images/btn-addtocart.gif]
[nanowires2015.icmab.es/templates/ja_tiris/themes/violet/images/rss-hover.png]
[nanowires2015.icmab.es/templates/ja_tiris/themes/violet/images/star.png]
[nanowires2015.icmab.es/templates/ja_tiris/themes/violet/images/star.gif]
[nanowires2015.icmab.es/templates/ja_tiris/themes/violet/images/delete.gif]
[nanowires2015.icmab.es/templates/ja_tiris/themes/violet/images/btn-next-hover.gif]
[nanowires2015.icmab.es/templates/ja_tiris/themes/violet/images/btn-prev-hover.gif]
[nanowires2015.icmab.es/templates/ja_tiris/themes/violet/css/template.css]
[nanowires2015.icmab.es/templates/ja_tiris/themes/violet/images/bg-subnav.gif]
[nanowires2015.icmab.es/templates/ja_tiris/themes/violet/css/menu/css.css]
[nanowires2015.icmab.es/templates/ja_tiris/themes/orange/images/blocknumber-bg.png]
[nanowires2015.icmab.es/templates/ja_tiris/themes/orange/css/typo.css]
[nanowires2015.icmab.es/templates/ja_tiris/themes/orange/images/bg-body.png]
[nanowires2015.icmab.es/templates/ja_tiris/themes/orange/images/logo.png]
[nanowires2015.icmab.es/templates/ja_tiris/themes/orange/images/icon-facebook.png]
[nanowires2015.icmab.es/templates/ja_tiris/themes/orange/images/icon-twitter.png]
[nanowires2015.icmab.es/templates/ja_tiris/themes/orange/images/icon-rss.png]
[nanowires2015.icmab.es/templates/ja_tiris/themes/orange/images/icon-flickr.png]
[nanowires2015.icmab.es/templates/ja_tiris/themes/orange/images/btn-next.png]
[nanowires2015.icmab.es/templates/ja_tiris/themes/orange/images/btn-prev.png]
[nanowires2015.icmab.es/templates/ja_tiris/themes/orange/images/arrow-ri.png]
[nanowires2015.icmab.es/templates/ja_tiris/themes/orange/images/btn-up-hover.png]
[nanowires2015.icmab.es/templates/ja_tiris/themes/orange/images/btn-down-hover.png]
[nanowires2015.icmab.es/templates/ja_tiris/themes/orange/images/bullet1-hover.gif]
[nanowires2015.icmab.es/templates/ja_tiris/themes/orange/images/rss-hover.png]
[nanowires2015.icmab.es/templates/ja_tiris/themes/orange/images/pattern-orange.gif]
[nanowires2015.icmab.es/templates/ja_tiris/themes/orange/images/pattern-hover.gif]
[nanowires2015.icmab.es/templates/ja_tiris/themes/orange/images/btn-addtocart.gif]
[nanowires2015.icmab.es/templates/ja_tiris/themes/orange/images/star.png]
[nanowires2015.icmab.es/templates/ja_tiris/themes/orange/images/star.gif]
[nanowires2015.icmab.es/templates/ja_tiris/themes/orange/images/delete.gif]
[nanowires2015.icmab.es/templates/ja_tiris/themes/orange/images/btn-next-hover.gif]
[nanowires2015.icmab.es/templates/ja_tiris/themes/orange/images/btn-prev-hover.gif]
[nanowires2015.icmab.es/templates/ja_tiris/themes/orange/css/template.css]
[nanowires2015.icmab.es/templates/ja_tiris/themes/orange/images/bg-subnav.gif]
[nanowires2015.icmab.es/templates/ja_tiris/themes/orange/css/menu/css.css]
[nanowires2015.icmab.es/templates/ja_tiris/themes/blue/images/blocknumber-bg.png]
[nanowires2015.icmab.es/templates/ja_tiris/themes/blue/css/typo.css]
[nanowires2015.icmab.es/templates/ja_tiris/themes/blue/images/bg-body.png]
[nanowires2015.icmab.es/templates/ja_tiris/themes/blue/images/logo.png]
[nanowires2015.icmab.es/templates/ja_tiris/themes/blue/images/icon-facebook.png]
[nanowires2015.icmab.es/templates/ja_tiris/themes/blue/images/icon-twitter.png]
[nanowires2015.icmab.es/templates/ja_tiris/themes/blue/images/icon-rss.png]
[nanowires2015.icmab.es/templates/ja_tiris/themes/blue/images/icon-flickr.png]
[nanowires2015.icmab.es/templates/ja_tiris/themes/blue/images/bullet1-hover.gif]
[nanowires2015.icmab.es/templates/ja_tiris/themes/blue/images/btn-next.png]
[nanowires2015.icmab.es/templates/ja_tiris/themes/blue/images/btn-prev.png]
[nanowires2015.icmab.es/templates/ja_tiris/themes/blue/images/arrow-ri.png]
[nanowires2015.icmab.es/templates/ja_tiris/themes/blue/images/btn-up-hover.png]
[nanowires2015.icmab.es/templates/ja_tiris/themes/blue/images/btn-down-hover.png]
[nanowires2015.icmab.es/templates/ja_tiris/themes/blue/images/pattern-blue.gif]
[nanowires2015.icmab.es/templates/ja_tiris/themes/blue/images/pattern-hover.gif]
[nanowires2015.icmab.es/templates/ja_tiris/themes/blue/images/btn-addtocart.gif]
[nanowires2015.icmab.es/templates/ja_tiris/themes/blue/images/rss-hover.png]
[nanowires2015.icmab.es/templates/ja_tiris/themes/blue/images/star.png]
[nanowires2015.icmab.es/templates/ja_tiris/themes/blue/images/star.gif]
[nanowires2015.icmab.es/templates/ja_tiris/themes/blue/images/delete.gif]
[nanowires2015.icmab.es/templates/ja_tiris/themes/blue/images/btn-next-hover.gif]
[nanowires2015.icmab.es/templates/ja_tiris/themes/blue/images/btn-prev-hover.gif]
[nanowires2015.icmab.es/templates/ja_tiris/themes/blue/css/template.css]
[nanowires2015.icmab.es/templates/ja_tiris/themes/blue/images/bg-subnav.gif]
[nanowires2015.icmab.es/templates/ja_tiris/themes/blue/css/menu/css.css]
[nanowires2015.icmab.es/t3-assets/css_20c3a.css]
[nanowires2015.icmab.es/t3-assets/css_d001b.css]
[nanowires2015.icmab.es/templates/ja_tiris/index.html]
[nanowires2015.icmab.es/media/system/images/notice-info.png]
[nanowires2015.icmab.es/media/system/images/notice-alert.png]
[nanowires2015.icmab.es/media/system/images/notice-note.png]
[nanowires2015.icmab.es/media/system/css/system.css]
[nanowires2015.icmab.es/modules/mod_jaslideshow/assets/themes/tiris/arrow-l.html]
[nanowires2015.icmab.es/modules/mod_jaslideshow/assets/themes/tiris/arrow-r.html]
[joomlart.s3.amazonaws.com/t3/logo/t3_logo_light.png]
[joomlart.s3.amazonaws.com/t3/logo/t3_logo_dark.png]
[joomlart.s3.amazonaws.com/t3/logo/t3_logo_light_sm.png]
[joomlart.s3.amazonaws.com/t3/logo/t3_logo_dark_sm.png]
[nanowires2015.icmab.es/templates/ja_tiris/fonts/abel/abel-regular-webfont.eot]
[nanowires2015.icmab.es/templates/ja_tiris/fonts/abel/abel-regular-webfontd41d.eot]
[nanowires2015.icmab.es/templates/ja_tiris/fonts/abel/abel-regular-webfont.woff]
[nanowires2015.icmab.es/templates/ja_tiris/fonts/abel/abel-regular-webfont.ttf]
[nanowires2015.icmab.es/templates/ja_tiris/fonts/abel/abel-regular-webfont.svg]
[nanowires2015.icmab.es/templates/ja_tiris/fonts/abel/stylesheet.css]
[nanowires2015.icmab.es/templates/ja_tiris/fonts/abel/abel-regular-webfont.svg]
